MPASM  4.02 Released                PROGRAMA-SIN-LIBRERIA.ASM   10-8-2024  23:24:57         PAGE  1


LOC  OBJECT CODE     LINE SOURCE TEXT
  VALUE

                      00001 ; Program: Counter
                      00002 ; Microcontroller: PIC16F84A
                      00003 
                      00004 ; Configuration bits
                      00005 ;__CONFIG _CP_OFF & _WDT_OFF & _PWRTE_OFF & _XT_OSC
                      00006 
                      00007 ; Define counter variable
                      00008 #define conta 0x20
                      00009 
                      00010 ; Reset vector
0000                  00011     ORG 0x00
0000   2801           00012     goto START
                      00013 
                      00014 ; Main program
0001                  00015 START
                      00016     ; Clear the counter
0001   01A0           00017     CLRF conta
                      00018 
0002                  00019 LOOP
                      00020     ; Increment the counter by 1
0002   0AA0           00021     INCF conta, F
                      00022 
                      00023     ; Check if the counter has reached the desired value (0x5F)
0003   305F           00024     MOVLW 0x5F
0004   0620           00025     XORWF conta, W
0005   1D03           00026     BTFSS 0x03, 2  ; Check Zero flag in STATUS register (0x03)
0006   2802           00027     goto LOOP      ; If not equal, continue loop
                      00028 
                      00029     ; If counter reached desired value, clear it
0007   01A0           00030     CLRF conta
                      00031 
                      00032     ; Return to the beginning of the loop
0008   2802           00033     goto LOOP
                      00034 
                      00035     END
MPASM  4.02 Released                PROGRAMA-SIN-LIBRERIA.ASM   10-8-2024  23:24:57         PAGE  2


SYMBOL TABLE
  LABEL                             VALUE 

LOOP                              00000002
START                             00000001
__16F648A                         00000001
conta                             0x20


MEMORY USAGE MAP ('X' = Used,  '-' = Unused)

0000 : XXXXXXXXX------- ---------------- ---------------- ----------------

All other memory blocks unused.

Program Memory Words Used:     9
Program Memory Words Free:  4087


Errors   :     0
Warnings :     0 reported,     0 suppressed
Messages :     0 reported,     0 suppressed

Error[173]  : Source file path exceeds 62 characters (C:\USERS\MCMIN\DOCUMENTS\GIT\PROGRAMACION-BAJO-NIVEL-UPIICSA\ACTIVIDAD-1-BUCLE
                            -5F\PROGRAMA-SIN-LIBRERIA.ASM)
